// Vitest Snapshot v1, https://vitest.dev/guide/snapshot.html

exports[`MakesList > should render correctly 1`] = `
<div>
  <div
    class="space-y-6"
  >
    <div
      class="flex flex-col gap-4"
    >
      <div
        class="flex flex-col items-start justify-between gap-4 sm:flex-row sm:items-center"
      >
        <div
          class="group flex flex-col data-[hidden=true]:hidden w-full relative justify-end data-[has-label=true]:mt-[calc(var(--heroui-font-size-small)_+_10px)]"
          data-filled="true"
          data-filled-within="true"
          data-slot="base"
        >
          <div
            class="h-full flex flex-col"
            data-slot="main-wrapper"
          >
            <div
              class="relative w-full inline-flex tap-highlight-transparent flex-row items-center shadow-xs px-3 gap-3 border-medium border-default-200 data-[hover=true]:border-default-400 group-data-[focus=true]:border-default-foreground h-10 min-h-10 rounded-medium !duration-150 transition-colors motion-reduce:transition-none"
              data-slot="input-wrapper"
              style="cursor: text;"
            >
              <div
                class="inline-flex w-full items-center h-full box-border"
                data-slot="inner-wrapper"
              >
                <svg
                  class="lucide lucide-search size-4"
                  fill="none"
                  height="24"
                  stroke="currentColor"
                  stroke-linecap="round"
                  stroke-linejoin="round"
                  stroke-width="2"
                  viewBox="0 0 24 24"
                  width="24"
                  xmlns="http://www.w3.org/2000/svg"
                >
                  <circle
                    cx="11"
                    cy="11"
                    r="8"
                  />
                  <path
                    d="m21 21-4.3-4.3"
                  />
                </svg>
                <input
                  aria-label="Search"
                  class="w-full font-normal bg-transparent !outline-solid placeholder:text-foreground-500 focus-visible:outline-solid outline-transparent data-[has-start-content=true]:ps-1.5 data-[has-end-content=true]:pe-1.5 data-[type=color]:rounded-none file:cursor-pointer file:bg-transparent file:border-0 autofill:bg-transparent bg-clip-text text-small"
                  data-has-start-content="true"
                  data-slot="input"
                  data-type="search"
                  id="react-aria-«r0»"
                  placeholder="Search"
                  tabindex="0"
                  title=""
                  type="search"
                  value=""
                />
              </div>
            </div>
          </div>
        </div>
        <div
          class="relative max-w-fit min-w-min inline-flex items-center justify-between box-border whitespace-nowrap px-1 h-7 text-small rounded-full bg-primary/20 text-primary-600"
        >
          <span
            class="flex-1 text-inherit font-normal px-2"
          >
            10
             of 
            10
             makes
          </span>
        </div>
      </div>
    </div>
    <section
      class="space-y-4"
    >
      <div
        class="flex items-center gap-2"
      >
        <h2
          class="text-xl font-semibold"
        >
          Popular Makes
        </h2>
        <div
          class="relative max-w-fit min-w-min inline-flex items-center justify-between box-border whitespace-nowrap px-1 h-6 text-tiny rounded-full bg-primary/20 text-primary-600"
        >
          <span
            class="flex-1 text-inherit font-normal px-1"
          >
            8
          </span>
        </div>
      </div>
      <div
        class="grid grid-cols-2 gap-4 md:grid-cols-4"
      >
        <div
          class="flex flex-col relative overflow-hidden text-foreground box-border bg-content1 outline-solid outline-transparent data-[focus-visible=true]:z-10 data-[focus-visible=true]:outline-2 data-[focus-visible=true]:outline-focus data-[focus-visible=true]:outline-offset-2 shadow-medium rounded-large transition-transform-background motion-reduce:transition-none h-32 border-none ring-primary-200 ring-2"
          tabindex="-1"
        >
          <div
            class="flex h-full w-full justify-center"
          >
            <img
              alt="AUDI Logo"
              class="object-contain"
              data-nimg="1"
              decoding="async"
              height="512"
              loading="lazy"
              src="/_next/image?url=https%3A%2F%2Fassets.sgcarstrends.com%2Flogos%2Faudi.png&w=1080&q=75"
              srcset="/_next/image?url=https%3A%2F%2Fassets.sgcarstrends.com%2Flogos%2Faudi.png&w=640&q=75 1x, /_next/image?url=https%3A%2F%2Fassets.sgcarstrends.com%2Flogos%2Faudi.png&w=1080&q=75 2x"
              style="color: transparent;"
              width="512"
            />
            <div
              class="fallback-icon bg-primary-100 hidden h-20 w-20 items-center justify-center rounded-lg"
            >
              <svg
                class="lucide lucide-car text-primary-600 size-8"
                fill="none"
                height="24"
                stroke="currentColor"
                stroke-linecap="round"
                stroke-linejoin="round"
                stroke-width="2"
                viewBox="0 0 24 24"
                width="24"
                xmlns="http://www.w3.org/2000/svg"
              >
                <path
                  d="M19 17h2c.6 0 1-.4 1-1v-3c0-.9-.7-1.7-1.5-1.9C18.7 10.6 16 10 16 10s-1.3-1.4-2.2-2.3c-.5-.4-1.1-.7-1.8-.7H5c-.6 0-1.1.4-1.4.9l-1.4 2.9A3.7 3.7 0 0 0 2 12v4c0 .6.4 1 1 1h2"
                />
                <circle
                  cx="7"
                  cy="17"
                  r="2"
                />
                <path
                  d="M9 17h6"
                />
                <circle
                  cx="17"
                  cy="17"
                  r="2"
                />
              </svg>
            </div>
          </div>
          <div
            class="p-3 h-auto flex items-center color-inherit subpixel-antialiased bg-background/10 backdrop-saturate-150 rounded-large shadow-small absolute bottom-1 z-10 ml-1 w-[calc(100%_-_8px)] justify-between overflow-hidden border-1 border-white/20 py-1 backdrop-blur before:rounded-xl before:bg-black/50"
          >
            <p
              class="text-tiny"
            >
              AUDI
            </p>
            <a
              class="z-0 group relative inline-flex items-center justify-center box-border appearance-none select-none whitespace-nowrap font-normal subpixel-antialiased overflow-hidden tap-highlight-transparent transform-gpu data-[pressed=true]:scale-[0.97] cursor-pointer outline-solid outline-transparent data-[focus-visible=true]:z-10 data-[focus-visible=true]:outline-2 data-[focus-visible=true]:outline-focus data-[focus-visible=true]:outline-offset-2 px-3 min-w-16 h-8 text-tiny gap-2 rounded-large [&>svg]:max-w-[theme(spacing.8)] transition-transform-colors-opacity motion-reduce:transition-none bg-primary/20 text-primary-600 data-[hover=true]:opacity-hover"
              data-react-aria-pressable="true"
              href="/cars/makes/audi"
              role="button"
              tabindex="0"
            >
              Explore
            </a>
          </div>
        </div>
        <div
          class="flex flex-col relative overflow-hidden text-foreground box-border bg-content1 outline-solid outline-transparent data-[focus-visible=true]:z-10 data-[focus-visible=true]:outline-2 data-[focus-visible=true]:outline-focus data-[focus-visible=true]:outline-offset-2 shadow-medium rounded-large transition-transform-background motion-reduce:transition-none h-32 border-none ring-primary-200 ring-2"
          tabindex="-1"
        >
          <div
            class="flex h-full w-full justify-center"
          >
            <img
              alt="BMW Logo"
              class="object-contain"
              data-nimg="1"
              decoding="async"
              height="512"
              loading="lazy"
              src="/_next/image?url=https%3A%2F%2Fassets.sgcarstrends.com%2Flogos%2Fbmw.png&w=1080&q=75"
              srcset="/_next/image?url=https%3A%2F%2Fassets.sgcarstrends.com%2Flogos%2Fbmw.png&w=640&q=75 1x, /_next/image?url=https%3A%2F%2Fassets.sgcarstrends.com%2Flogos%2Fbmw.png&w=1080&q=75 2x"
              style="color: transparent;"
              width="512"
            />
            <div
              class="fallback-icon bg-primary-100 hidden h-20 w-20 items-center justify-center rounded-lg"
            >
              <svg
                class="lucide lucide-car text-primary-600 size-8"
                fill="none"
                height="24"
                stroke="currentColor"
                stroke-linecap="round"
                stroke-linejoin="round"
                stroke-width="2"
                viewBox="0 0 24 24"
                width="24"
                xmlns="http://www.w3.org/2000/svg"
              >
                <path
                  d="M19 17h2c.6 0 1-.4 1-1v-3c0-.9-.7-1.7-1.5-1.9C18.7 10.6 16 10 16 10s-1.3-1.4-2.2-2.3c-.5-.4-1.1-.7-1.8-.7H5c-.6 0-1.1.4-1.4.9l-1.4 2.9A3.7 3.7 0 0 0 2 12v4c0 .6.4 1 1 1h2"
                />
                <circle
                  cx="7"
                  cy="17"
                  r="2"
                />
                <path
                  d="M9 17h6"
                />
                <circle
                  cx="17"
                  cy="17"
                  r="2"
                />
              </svg>
            </div>
          </div>
          <div
            class="p-3 h-auto flex items-center color-inherit subpixel-antialiased bg-background/10 backdrop-saturate-150 rounded-large shadow-small absolute bottom-1 z-10 ml-1 w-[calc(100%_-_8px)] justify-between overflow-hidden border-1 border-white/20 py-1 backdrop-blur before:rounded-xl before:bg-black/50"
          >
            <p
              class="text-tiny"
            >
              BMW
            </p>
            <a
              class="z-0 group relative inline-flex items-center justify-center box-border appearance-none select-none whitespace-nowrap font-normal subpixel-antialiased overflow-hidden tap-highlight-transparent transform-gpu data-[pressed=true]:scale-[0.97] cursor-pointer outline-solid outline-transparent data-[focus-visible=true]:z-10 data-[focus-visible=true]:outline-2 data-[focus-visible=true]:outline-focus data-[focus-visible=true]:outline-offset-2 px-3 min-w-16 h-8 text-tiny gap-2 rounded-large [&>svg]:max-w-[theme(spacing.8)] transition-transform-colors-opacity motion-reduce:transition-none bg-primary/20 text-primary-600 data-[hover=true]:opacity-hover"
              data-react-aria-pressable="true"
              href="/cars/makes/bmw"
              role="button"
              tabindex="0"
            >
              Explore
            </a>
          </div>
        </div>
        <div
          class="flex flex-col relative overflow-hidden text-foreground box-border bg-content1 outline-solid outline-transparent data-[focus-visible=true]:z-10 data-[focus-visible=true]:outline-2 data-[focus-visible=true]:outline-focus data-[focus-visible=true]:outline-offset-2 shadow-medium rounded-large transition-transform-background motion-reduce:transition-none h-32 border-none ring-primary-200 ring-2"
          tabindex="-1"
        >
          <div
            class="flex h-full w-full justify-center"
          >
            <img
              alt="HONDA Logo"
              class="object-contain"
              data-nimg="1"
              decoding="async"
              height="512"
              loading="lazy"
              src="/_next/image?url=https%3A%2F%2Fassets.sgcarstrends.com%2Flogos%2Fhonda.png&w=1080&q=75"
              srcset="/_next/image?url=https%3A%2F%2Fassets.sgcarstrends.com%2Flogos%2Fhonda.png&w=640&q=75 1x, /_next/image?url=https%3A%2F%2Fassets.sgcarstrends.com%2Flogos%2Fhonda.png&w=1080&q=75 2x"
              style="color: transparent;"
              width="512"
            />
            <div
              class="fallback-icon bg-primary-100 hidden h-20 w-20 items-center justify-center rounded-lg"
            >
              <svg
                class="lucide lucide-car text-primary-600 size-8"
                fill="none"
                height="24"
                stroke="currentColor"
                stroke-linecap="round"
                stroke-linejoin="round"
                stroke-width="2"
                viewBox="0 0 24 24"
                width="24"
                xmlns="http://www.w3.org/2000/svg"
              >
                <path
                  d="M19 17h2c.6 0 1-.4 1-1v-3c0-.9-.7-1.7-1.5-1.9C18.7 10.6 16 10 16 10s-1.3-1.4-2.2-2.3c-.5-.4-1.1-.7-1.8-.7H5c-.6 0-1.1.4-1.4.9l-1.4 2.9A3.7 3.7 0 0 0 2 12v4c0 .6.4 1 1 1h2"
                />
                <circle
                  cx="7"
                  cy="17"
                  r="2"
                />
                <path
                  d="M9 17h6"
                />
                <circle
                  cx="17"
                  cy="17"
                  r="2"
                />
              </svg>
            </div>
          </div>
          <div
            class="p-3 h-auto flex items-center color-inherit subpixel-antialiased bg-background/10 backdrop-saturate-150 rounded-large shadow-small absolute bottom-1 z-10 ml-1 w-[calc(100%_-_8px)] justify-between overflow-hidden border-1 border-white/20 py-1 backdrop-blur before:rounded-xl before:bg-black/50"
          >
            <p
              class="text-tiny"
            >
              HONDA
            </p>
            <a
              class="z-0 group relative inline-flex items-center justify-center box-border appearance-none select-none whitespace-nowrap font-normal subpixel-antialiased overflow-hidden tap-highlight-transparent transform-gpu data-[pressed=true]:scale-[0.97] cursor-pointer outline-solid outline-transparent data-[focus-visible=true]:z-10 data-[focus-visible=true]:outline-2 data-[focus-visible=true]:outline-focus data-[focus-visible=true]:outline-offset-2 px-3 min-w-16 h-8 text-tiny gap-2 rounded-large [&>svg]:max-w-[theme(spacing.8)] transition-transform-colors-opacity motion-reduce:transition-none bg-primary/20 text-primary-600 data-[hover=true]:opacity-hover"
              data-react-aria-pressable="true"
              href="/cars/makes/honda"
              role="button"
              tabindex="0"
            >
              Explore
            </a>
          </div>
        </div>
        <div
          class="flex flex-col relative overflow-hidden text-foreground box-border bg-content1 outline-solid outline-transparent data-[focus-visible=true]:z-10 data-[focus-visible=true]:outline-2 data-[focus-visible=true]:outline-focus data-[focus-visible=true]:outline-offset-2 shadow-medium rounded-large transition-transform-background motion-reduce:transition-none h-32 border-none ring-primary-200 ring-2"
          tabindex="-1"
        >
          <div
            class="flex h-full w-full justify-center"
          >
            <img
              alt="HYUNDAI Logo"
              class="object-contain"
              data-nimg="1"
              decoding="async"
              height="512"
              loading="lazy"
              src="/_next/image?url=https%3A%2F%2Fassets.sgcarstrends.com%2Flogos%2Fhyundai.png&w=1080&q=75"
              srcset="/_next/image?url=https%3A%2F%2Fassets.sgcarstrends.com%2Flogos%2Fhyundai.png&w=640&q=75 1x, /_next/image?url=https%3A%2F%2Fassets.sgcarstrends.com%2Flogos%2Fhyundai.png&w=1080&q=75 2x"
              style="color: transparent;"
              width="512"
            />
            <div
              class="fallback-icon bg-primary-100 hidden h-20 w-20 items-center justify-center rounded-lg"
            >
              <svg
                class="lucide lucide-car text-primary-600 size-8"
                fill="none"
                height="24"
                stroke="currentColor"
                stroke-linecap="round"
                stroke-linejoin="round"
                stroke-width="2"
                viewBox="0 0 24 24"
                width="24"
                xmlns="http://www.w3.org/2000/svg"
              >
                <path
                  d="M19 17h2c.6 0 1-.4 1-1v-3c0-.9-.7-1.7-1.5-1.9C18.7 10.6 16 10 16 10s-1.3-1.4-2.2-2.3c-.5-.4-1.1-.7-1.8-.7H5c-.6 0-1.1.4-1.4.9l-1.4 2.9A3.7 3.7 0 0 0 2 12v4c0 .6.4 1 1 1h2"
                />
                <circle
                  cx="7"
                  cy="17"
                  r="2"
                />
                <path
                  d="M9 17h6"
                />
                <circle
                  cx="17"
                  cy="17"
                  r="2"
                />
              </svg>
            </div>
          </div>
          <div
            class="p-3 h-auto flex items-center color-inherit subpixel-antialiased bg-background/10 backdrop-saturate-150 rounded-large shadow-small absolute bottom-1 z-10 ml-1 w-[calc(100%_-_8px)] justify-between overflow-hidden border-1 border-white/20 py-1 backdrop-blur before:rounded-xl before:bg-black/50"
          >
            <p
              class="text-tiny"
            >
              HYUNDAI
            </p>
            <a
              class="z-0 group relative inline-flex items-center justify-center box-border appearance-none select-none whitespace-nowrap font-normal subpixel-antialiased overflow-hidden tap-highlight-transparent transform-gpu data-[pressed=true]:scale-[0.97] cursor-pointer outline-solid outline-transparent data-[focus-visible=true]:z-10 data-[focus-visible=true]:outline-2 data-[focus-visible=true]:outline-focus data-[focus-visible=true]:outline-offset-2 px-3 min-w-16 h-8 text-tiny gap-2 rounded-large [&>svg]:max-w-[theme(spacing.8)] transition-transform-colors-opacity motion-reduce:transition-none bg-primary/20 text-primary-600 data-[hover=true]:opacity-hover"
              data-react-aria-pressable="true"
              href="/cars/makes/hyundai"
              role="button"
              tabindex="0"
            >
              Explore
            </a>
          </div>
        </div>
        <div
          class="flex flex-col relative overflow-hidden text-foreground box-border bg-content1 outline-solid outline-transparent data-[focus-visible=true]:z-10 data-[focus-visible=true]:outline-2 data-[focus-visible=true]:outline-focus data-[focus-visible=true]:outline-offset-2 shadow-medium rounded-large transition-transform-background motion-reduce:transition-none h-32 border-none ring-primary-200 ring-2"
          tabindex="-1"
        >
          <div
            class="flex h-full w-full justify-center"
          >
            <img
              alt="KIA Logo"
              class="object-contain"
              data-nimg="1"
              decoding="async"
              height="512"
              loading="lazy"
              src="/_next/image?url=https%3A%2F%2Fassets.sgcarstrends.com%2Flogos%2Fkia.png&w=1080&q=75"
              srcset="/_next/image?url=https%3A%2F%2Fassets.sgcarstrends.com%2Flogos%2Fkia.png&w=640&q=75 1x, /_next/image?url=https%3A%2F%2Fassets.sgcarstrends.com%2Flogos%2Fkia.png&w=1080&q=75 2x"
              style="color: transparent;"
              width="512"
            />
            <div
              class="fallback-icon bg-primary-100 hidden h-20 w-20 items-center justify-center rounded-lg"
            >
              <svg
                class="lucide lucide-car text-primary-600 size-8"
                fill="none"
                height="24"
                stroke="currentColor"
                stroke-linecap="round"
                stroke-linejoin="round"
                stroke-width="2"
                viewBox="0 0 24 24"
                width="24"
                xmlns="http://www.w3.org/2000/svg"
              >
                <path
                  d="M19 17h2c.6 0 1-.4 1-1v-3c0-.9-.7-1.7-1.5-1.9C18.7 10.6 16 10 16 10s-1.3-1.4-2.2-2.3c-.5-.4-1.1-.7-1.8-.7H5c-.6 0-1.1.4-1.4.9l-1.4 2.9A3.7 3.7 0 0 0 2 12v4c0 .6.4 1 1 1h2"
                />
                <circle
                  cx="7"
                  cy="17"
                  r="2"
                />
                <path
                  d="M9 17h6"
                />
                <circle
                  cx="17"
                  cy="17"
                  r="2"
                />
              </svg>
            </div>
          </div>
          <div
            class="p-3 h-auto flex items-center color-inherit subpixel-antialiased bg-background/10 backdrop-saturate-150 rounded-large shadow-small absolute bottom-1 z-10 ml-1 w-[calc(100%_-_8px)] justify-between overflow-hidden border-1 border-white/20 py-1 backdrop-blur before:rounded-xl before:bg-black/50"
          >
            <p
              class="text-tiny"
            >
              KIA
            </p>
            <a
              class="z-0 group relative inline-flex items-center justify-center box-border appearance-none select-none whitespace-nowrap font-normal subpixel-antialiased overflow-hidden tap-highlight-transparent transform-gpu data-[pressed=true]:scale-[0.97] cursor-pointer outline-solid outline-transparent data-[focus-visible=true]:z-10 data-[focus-visible=true]:outline-2 data-[focus-visible=true]:outline-focus data-[focus-visible=true]:outline-offset-2 px-3 min-w-16 h-8 text-tiny gap-2 rounded-large [&>svg]:max-w-[theme(spacing.8)] transition-transform-colors-opacity motion-reduce:transition-none bg-primary/20 text-primary-600 data-[hover=true]:opacity-hover"
              data-react-aria-pressable="true"
              href="/cars/makes/kia"
              role="button"
              tabindex="0"
            >
              Explore
            </a>
          </div>
        </div>
        <div
          class="flex flex-col relative overflow-hidden text-foreground box-border bg-content1 outline-solid outline-transparent data-[focus-visible=true]:z-10 data-[focus-visible=true]:outline-2 data-[focus-visible=true]:outline-focus data-[focus-visible=true]:outline-offset-2 shadow-medium rounded-large transition-transform-background motion-reduce:transition-none h-32 border-none ring-primary-200 ring-2"
          tabindex="-1"
        >
          <div
            class="flex h-full w-full justify-center"
          >
            <img
              alt="MERCEDES BENZ Logo"
              class="object-contain"
              data-nimg="1"
              decoding="async"
              height="512"
              loading="lazy"
              src="/_next/image?url=https%3A%2F%2Fassets.sgcarstrends.com%2Flogos%2Fmercedes-benz.png&w=1080&q=75"
              srcset="/_next/image?url=https%3A%2F%2Fassets.sgcarstrends.com%2Flogos%2Fmercedes-benz.png&w=640&q=75 1x, /_next/image?url=https%3A%2F%2Fassets.sgcarstrends.com%2Flogos%2Fmercedes-benz.png&w=1080&q=75 2x"
              style="color: transparent;"
              width="512"
            />
            <div
              class="fallback-icon bg-primary-100 hidden h-20 w-20 items-center justify-center rounded-lg"
            >
              <svg
                class="lucide lucide-car text-primary-600 size-8"
                fill="none"
                height="24"
                stroke="currentColor"
                stroke-linecap="round"
                stroke-linejoin="round"
                stroke-width="2"
                viewBox="0 0 24 24"
                width="24"
                xmlns="http://www.w3.org/2000/svg"
              >
                <path
                  d="M19 17h2c.6 0 1-.4 1-1v-3c0-.9-.7-1.7-1.5-1.9C18.7 10.6 16 10 16 10s-1.3-1.4-2.2-2.3c-.5-.4-1.1-.7-1.8-.7H5c-.6 0-1.1.4-1.4.9l-1.4 2.9A3.7 3.7 0 0 0 2 12v4c0 .6.4 1 1 1h2"
                />
                <circle
                  cx="7"
                  cy="17"
                  r="2"
                />
                <path
                  d="M9 17h6"
                />
                <circle
                  cx="17"
                  cy="17"
                  r="2"
                />
              </svg>
            </div>
          </div>
          <div
            class="p-3 h-auto flex items-center color-inherit subpixel-antialiased bg-background/10 backdrop-saturate-150 rounded-large shadow-small absolute bottom-1 z-10 ml-1 w-[calc(100%_-_8px)] justify-between overflow-hidden border-1 border-white/20 py-1 backdrop-blur before:rounded-xl before:bg-black/50"
          >
            <p
              class="text-tiny"
            >
              MERCEDES BENZ
            </p>
            <a
              class="z-0 group relative inline-flex items-center justify-center box-border appearance-none select-none whitespace-nowrap font-normal subpixel-antialiased overflow-hidden tap-highlight-transparent transform-gpu data-[pressed=true]:scale-[0.97] cursor-pointer outline-solid outline-transparent data-[focus-visible=true]:z-10 data-[focus-visible=true]:outline-2 data-[focus-visible=true]:outline-focus data-[focus-visible=true]:outline-offset-2 px-3 min-w-16 h-8 text-tiny gap-2 rounded-large [&>svg]:max-w-[theme(spacing.8)] transition-transform-colors-opacity motion-reduce:transition-none bg-primary/20 text-primary-600 data-[hover=true]:opacity-hover"
              data-react-aria-pressable="true"
              href="/cars/makes/mercedes-benz"
              role="button"
              tabindex="0"
            >
              Explore
            </a>
          </div>
        </div>
        <div
          class="flex flex-col relative overflow-hidden text-foreground box-border bg-content1 outline-solid outline-transparent data-[focus-visible=true]:z-10 data-[focus-visible=true]:outline-2 data-[focus-visible=true]:outline-focus data-[focus-visible=true]:outline-offset-2 shadow-medium rounded-large transition-transform-background motion-reduce:transition-none h-32 border-none ring-primary-200 ring-2"
          tabindex="-1"
        >
          <div
            class="flex h-full w-full justify-center"
          >
            <img
              alt="TOYOTA Logo"
              class="object-contain"
              data-nimg="1"
              decoding="async"
              height="512"
              loading="lazy"
              src="/_next/image?url=https%3A%2F%2Fassets.sgcarstrends.com%2Flogos%2Ftoyota.png&w=1080&q=75"
              srcset="/_next/image?url=https%3A%2F%2Fassets.sgcarstrends.com%2Flogos%2Ftoyota.png&w=640&q=75 1x, /_next/image?url=https%3A%2F%2Fassets.sgcarstrends.com%2Flogos%2Ftoyota.png&w=1080&q=75 2x"
              style="color: transparent;"
              width="512"
            />
            <div
              class="fallback-icon bg-primary-100 hidden h-20 w-20 items-center justify-center rounded-lg"
            >
              <svg
                class="lucide lucide-car text-primary-600 size-8"
                fill="none"
                height="24"
                stroke="currentColor"
                stroke-linecap="round"
                stroke-linejoin="round"
                stroke-width="2"
                viewBox="0 0 24 24"
                width="24"
                xmlns="http://www.w3.org/2000/svg"
              >
                <path
                  d="M19 17h2c.6 0 1-.4 1-1v-3c0-.9-.7-1.7-1.5-1.9C18.7 10.6 16 10 16 10s-1.3-1.4-2.2-2.3c-.5-.4-1.1-.7-1.8-.7H5c-.6 0-1.1.4-1.4.9l-1.4 2.9A3.7 3.7 0 0 0 2 12v4c0 .6.4 1 1 1h2"
                />
                <circle
                  cx="7"
                  cy="17"
                  r="2"
                />
                <path
                  d="M9 17h6"
                />
                <circle
                  cx="17"
                  cy="17"
                  r="2"
                />
              </svg>
            </div>
          </div>
          <div
            class="p-3 h-auto flex items-center color-inherit subpixel-antialiased bg-background/10 backdrop-saturate-150 rounded-large shadow-small absolute bottom-1 z-10 ml-1 w-[calc(100%_-_8px)] justify-between overflow-hidden border-1 border-white/20 py-1 backdrop-blur before:rounded-xl before:bg-black/50"
          >
            <p
              class="text-tiny"
            >
              TOYOTA
            </p>
            <a
              class="z-0 group relative inline-flex items-center justify-center box-border appearance-none select-none whitespace-nowrap font-normal subpixel-antialiased overflow-hidden tap-highlight-transparent transform-gpu data-[pressed=true]:scale-[0.97] cursor-pointer outline-solid outline-transparent data-[focus-visible=true]:z-10 data-[focus-visible=true]:outline-2 data-[focus-visible=true]:outline-focus data-[focus-visible=true]:outline-offset-2 px-3 min-w-16 h-8 text-tiny gap-2 rounded-large [&>svg]:max-w-[theme(spacing.8)] transition-transform-colors-opacity motion-reduce:transition-none bg-primary/20 text-primary-600 data-[hover=true]:opacity-hover"
              data-react-aria-pressable="true"
              href="/cars/makes/toyota"
              role="button"
              tabindex="0"
            >
              Explore
            </a>
          </div>
        </div>
        <div
          class="flex flex-col relative overflow-hidden text-foreground box-border bg-content1 outline-solid outline-transparent data-[focus-visible=true]:z-10 data-[focus-visible=true]:outline-2 data-[focus-visible=true]:outline-focus data-[focus-visible=true]:outline-offset-2 shadow-medium rounded-large transition-transform-background motion-reduce:transition-none h-32 border-none ring-primary-200 ring-2"
          tabindex="-1"
        >
          <div
            class="flex h-full w-full justify-center"
          >
            <img
              alt="VOLKSWAGEN Logo"
              class="object-contain"
              data-nimg="1"
              decoding="async"
              height="512"
              loading="lazy"
              src="/_next/image?url=https%3A%2F%2Fassets.sgcarstrends.com%2Flogos%2Fvolkswagen.png&w=1080&q=75"
              srcset="/_next/image?url=https%3A%2F%2Fassets.sgcarstrends.com%2Flogos%2Fvolkswagen.png&w=640&q=75 1x, /_next/image?url=https%3A%2F%2Fassets.sgcarstrends.com%2Flogos%2Fvolkswagen.png&w=1080&q=75 2x"
              style="color: transparent;"
              width="512"
            />
            <div
              class="fallback-icon bg-primary-100 hidden h-20 w-20 items-center justify-center rounded-lg"
            >
              <svg
                class="lucide lucide-car text-primary-600 size-8"
                fill="none"
                height="24"
                stroke="currentColor"
                stroke-linecap="round"
                stroke-linejoin="round"
                stroke-width="2"
                viewBox="0 0 24 24"
                width="24"
                xmlns="http://www.w3.org/2000/svg"
              >
                <path
                  d="M19 17h2c.6 0 1-.4 1-1v-3c0-.9-.7-1.7-1.5-1.9C18.7 10.6 16 10 16 10s-1.3-1.4-2.2-2.3c-.5-.4-1.1-.7-1.8-.7H5c-.6 0-1.1.4-1.4.9l-1.4 2.9A3.7 3.7 0 0 0 2 12v4c0 .6.4 1 1 1h2"
                />
                <circle
                  cx="7"
                  cy="17"
                  r="2"
                />
                <path
                  d="M9 17h6"
                />
                <circle
                  cx="17"
                  cy="17"
                  r="2"
                />
              </svg>
            </div>
          </div>
          <div
            class="p-3 h-auto flex items-center color-inherit subpixel-antialiased bg-background/10 backdrop-saturate-150 rounded-large shadow-small absolute bottom-1 z-10 ml-1 w-[calc(100%_-_8px)] justify-between overflow-hidden border-1 border-white/20 py-1 backdrop-blur before:rounded-xl before:bg-black/50"
          >
            <p
              class="text-tiny"
            >
              VOLKSWAGEN
            </p>
            <a
              class="z-0 group relative inline-flex items-center justify-center box-border appearance-none select-none whitespace-nowrap font-normal subpixel-antialiased overflow-hidden tap-highlight-transparent transform-gpu data-[pressed=true]:scale-[0.97] cursor-pointer outline-solid outline-transparent data-[focus-visible=true]:z-10 data-[focus-visible=true]:outline-2 data-[focus-visible=true]:outline-focus data-[focus-visible=true]:outline-offset-2 px-3 min-w-16 h-8 text-tiny gap-2 rounded-large [&>svg]:max-w-[theme(spacing.8)] transition-transform-colors-opacity motion-reduce:transition-none bg-primary/20 text-primary-600 data-[hover=true]:opacity-hover"
              data-react-aria-pressable="true"
              href="/cars/makes/volkswagen"
              role="button"
              tabindex="0"
            >
              Explore
            </a>
          </div>
        </div>
      </div>
    </section>
    <section
      class="space-y-4"
    >
      <div
        class="flex items-center gap-2"
      >
        <h2
          class="text-xl font-semibold"
        >
          Other Makes
        </h2>
        <div
          class="relative max-w-fit min-w-min inline-flex items-center justify-between box-border whitespace-nowrap px-1 h-6 text-tiny rounded-full bg-default/40 text-default-700"
        >
          <span
            class="flex-1 text-inherit font-normal px-1"
          >
            2
          </span>
        </div>
      </div>
      <div
        class="grid grid-cols-2 gap-4 md:grid-cols-4"
      >
        <div
          class="flex flex-col relative overflow-hidden text-foreground box-border bg-content1 outline-solid outline-transparent data-[focus-visible=true]:z-10 data-[focus-visible=true]:outline-2 data-[focus-visible=true]:outline-focus data-[focus-visible=true]:outline-offset-2 shadow-medium rounded-large transition-transform-background motion-reduce:transition-none h-32 border-none"
          tabindex="-1"
        >
          <div
            class="flex h-full w-full justify-center"
          >
            <img
              alt="NISSAN Logo"
              class="object-contain"
              data-nimg="1"
              decoding="async"
              height="512"
              loading="lazy"
              src="/_next/image?url=https%3A%2F%2Fassets.sgcarstrends.com%2Flogos%2Fnissan.png&w=1080&q=75"
              srcset="/_next/image?url=https%3A%2F%2Fassets.sgcarstrends.com%2Flogos%2Fnissan.png&w=640&q=75 1x, /_next/image?url=https%3A%2F%2Fassets.sgcarstrends.com%2Flogos%2Fnissan.png&w=1080&q=75 2x"
              style="color: transparent;"
              width="512"
            />
            <div
              class="fallback-icon bg-primary-100 hidden h-20 w-20 items-center justify-center rounded-lg"
            >
              <svg
                class="lucide lucide-car text-primary-600 size-8"
                fill="none"
                height="24"
                stroke="currentColor"
                stroke-linecap="round"
                stroke-linejoin="round"
                stroke-width="2"
                viewBox="0 0 24 24"
                width="24"
                xmlns="http://www.w3.org/2000/svg"
              >
                <path
                  d="M19 17h2c.6 0 1-.4 1-1v-3c0-.9-.7-1.7-1.5-1.9C18.7 10.6 16 10 16 10s-1.3-1.4-2.2-2.3c-.5-.4-1.1-.7-1.8-.7H5c-.6 0-1.1.4-1.4.9l-1.4 2.9A3.7 3.7 0 0 0 2 12v4c0 .6.4 1 1 1h2"
                />
                <circle
                  cx="7"
                  cy="17"
                  r="2"
                />
                <path
                  d="M9 17h6"
                />
                <circle
                  cx="17"
                  cy="17"
                  r="2"
                />
              </svg>
            </div>
          </div>
          <div
            class="p-3 h-auto flex items-center color-inherit subpixel-antialiased bg-background/10 backdrop-saturate-150 rounded-large shadow-small absolute bottom-1 z-10 ml-1 w-[calc(100%_-_8px)] justify-between overflow-hidden border-1 border-white/20 py-1 backdrop-blur before:rounded-xl before:bg-black/50"
          >
            <p
              class="text-tiny"
            >
              NISSAN
            </p>
            <a
              class="z-0 group relative inline-flex items-center justify-center box-border appearance-none select-none whitespace-nowrap font-normal subpixel-antialiased overflow-hidden tap-highlight-transparent transform-gpu data-[pressed=true]:scale-[0.97] cursor-pointer outline-solid outline-transparent data-[focus-visible=true]:z-10 data-[focus-visible=true]:outline-2 data-[focus-visible=true]:outline-focus data-[focus-visible=true]:outline-offset-2 px-3 min-w-16 h-8 text-tiny gap-2 rounded-large [&>svg]:max-w-[theme(spacing.8)] transition-transform-colors-opacity motion-reduce:transition-none bg-default/40 text-default-700 data-[hover=true]:opacity-hover"
              data-react-aria-pressable="true"
              href="/cars/makes/nissan"
              role="button"
              tabindex="0"
            >
              Explore
            </a>
          </div>
        </div>
        <div
          class="flex flex-col relative overflow-hidden text-foreground box-border bg-content1 outline-solid outline-transparent data-[focus-visible=true]:z-10 data-[focus-visible=true]:outline-2 data-[focus-visible=true]:outline-focus data-[focus-visible=true]:outline-offset-2 shadow-medium rounded-large transition-transform-background motion-reduce:transition-none h-32 border-none"
          tabindex="-1"
        >
          <div
            class="flex h-full w-full justify-center"
          >
            <img
              alt="MAZDA Logo"
              class="object-contain"
              data-nimg="1"
              decoding="async"
              height="512"
              loading="lazy"
              src="/_next/image?url=https%3A%2F%2Fassets.sgcarstrends.com%2Flogos%2Fmazda.png&w=1080&q=75"
              srcset="/_next/image?url=https%3A%2F%2Fassets.sgcarstrends.com%2Flogos%2Fmazda.png&w=640&q=75 1x, /_next/image?url=https%3A%2F%2Fassets.sgcarstrends.com%2Flogos%2Fmazda.png&w=1080&q=75 2x"
              style="color: transparent;"
              width="512"
            />
            <div
              class="fallback-icon bg-primary-100 hidden h-20 w-20 items-center justify-center rounded-lg"
            >
              <svg
                class="lucide lucide-car text-primary-600 size-8"
                fill="none"
                height="24"
                stroke="currentColor"
                stroke-linecap="round"
                stroke-linejoin="round"
                stroke-width="2"
                viewBox="0 0 24 24"
                width="24"
                xmlns="http://www.w3.org/2000/svg"
              >
                <path
                  d="M19 17h2c.6 0 1-.4 1-1v-3c0-.9-.7-1.7-1.5-1.9C18.7 10.6 16 10 16 10s-1.3-1.4-2.2-2.3c-.5-.4-1.1-.7-1.8-.7H5c-.6 0-1.1.4-1.4.9l-1.4 2.9A3.7 3.7 0 0 0 2 12v4c0 .6.4 1 1 1h2"
                />
                <circle
                  cx="7"
                  cy="17"
                  r="2"
                />
                <path
                  d="M9 17h6"
                />
                <circle
                  cx="17"
                  cy="17"
                  r="2"
                />
              </svg>
            </div>
          </div>
          <div
            class="p-3 h-auto flex items-center color-inherit subpixel-antialiased bg-background/10 backdrop-saturate-150 rounded-large shadow-small absolute bottom-1 z-10 ml-1 w-[calc(100%_-_8px)] justify-between overflow-hidden border-1 border-white/20 py-1 backdrop-blur before:rounded-xl before:bg-black/50"
          >
            <p
              class="text-tiny"
            >
              MAZDA
            </p>
            <a
              class="z-0 group relative inline-flex items-center justify-center box-border appearance-none select-none whitespace-nowrap font-normal subpixel-antialiased overflow-hidden tap-highlight-transparent transform-gpu data-[pressed=true]:scale-[0.97] cursor-pointer outline-solid outline-transparent data-[focus-visible=true]:z-10 data-[focus-visible=true]:outline-2 data-[focus-visible=true]:outline-focus data-[focus-visible=true]:outline-offset-2 px-3 min-w-16 h-8 text-tiny gap-2 rounded-large [&>svg]:max-w-[theme(spacing.8)] transition-transform-colors-opacity motion-reduce:transition-none bg-default/40 text-default-700 data-[hover=true]:opacity-hover"
              data-react-aria-pressable="true"
              href="/cars/makes/mazda"
              role="button"
              tabindex="0"
            >
              Explore
            </a>
          </div>
        </div>
      </div>
    </section>
  </div>
</div>
`;
