// Vitest Snapshot v1, https://vitest.dev/guide/snapshot.html

exports[`CarMakeContent > should render correctly 1`] = `
<div>
  <div
    class="flex flex-col gap-4"
  >
    <div
      class="flex flex-col gap-2"
    >
      <div
        class="flex flex-col justify-between gap-2 lg:flex-row lg:items-center"
      >
        <div
          class="flex flex-col items-center"
        >
          <div>
            <img
              alt="Logo"
              data-nimg="1"
              decoding="async"
              height="128"
              loading="lazy"
              src="/_next/image?url=https%3A%2F%2Fassets.sgcarstrends.com%2Flogos%2FTOYOTA.png&w=256&q=75"
              srcset="/_next/image?url=https%3A%2F%2Fassets.sgcarstrends.com%2Flogos%2FTOYOTA.png&w=128&q=75 1x, /_next/image?url=https%3A%2F%2Fassets.sgcarstrends.com%2Flogos%2FTOYOTA.png&w=256&q=75 2x"
              style="color: transparent;"
              width="128"
            />
          </div>
          <h1
            class="scroll-m-20 text-4xl font-extrabold tracking-tight lg:text-5xl"
          >
            TOYOTA
          </h1>
        </div>
        <div
          class="flex flex-row-reverse items-center justify-between gap-2 lg:flex-row"
        >
          <div
            class="text-muted-foreground text-xs"
          >
            Last updated:
             
            <span
              class="underline"
            >
              21 Jan 1970, 9:37AM
            </span>
          </div>
          <div>
            MakeSelector
          </div>
        </div>
      </div>
    </div>
    <div
      class="bg-card text-card-foreground flex flex-col gap-6 rounded-xl border py-6 shadow-sm"
      data-slot="card"
    >
      <div
        class="@container/card-header grid auto-rows-min grid-rows-[auto_auto] items-start gap-1.5 px-6 has-[data-slot=card-action]:grid-cols-[1fr_auto] [.border-b]:pb-6"
        data-slot="card-header"
      >
        <div
          class="leading-none font-semibold"
          data-slot="card-title"
        >
          Historical Trend
        </div>
        <div
          class="text-muted-foreground text-sm"
          data-slot="card-description"
        >
          Past registrations
        </div>
      </div>
      <div
        class="px-6"
        data-slot="card-content"
      >
        <div>
          TrendChart
        </div>
      </div>
    </div>
    <div
      class="bg-card text-card-foreground flex flex-col gap-6 rounded-xl border py-6 shadow-sm"
      data-slot="card"
    >
      <div
        class="@container/card-header grid auto-rows-min grid-rows-[auto_auto] items-start gap-1.5 px-6 has-[data-slot=card-action]:grid-cols-[1fr_auto] [.border-b]:pb-6"
        data-slot="card-header"
      >
        <div
          class="leading-none font-semibold"
          data-slot="card-title"
        >
          Summary
        </div>
        <div
          class="text-muted-foreground text-sm"
          data-slot="card-description"
        >
          Breakdown of fuel & vehicle types by month
        </div>
      </div>
      <div
        class="px-6"
        data-slot="card-content"
      >
        <div>
          DataTable
        </div>
      </div>
    </div>
  </div>
</div>
`;
